../Core/Src/main.c:119:1:__io_putchar	16	static
../Core/Src/main.c:130:5:main	8	static
../Core/Src/main.c:203:6:SystemClock_Config	72	static
../Core/Src/main.c:239:6:HAL_TIM_IC_CaptureCallback	16	static
../Core/Src/main.c:244:6:HAL_GPIO_EXTI_Callback	16	static
../Core/Src/main.c:268:6:myOLED_char	16	static
../Core/Src/main.c:274:6:myOLED_float	32	static
../Core/Src/main.c:282:6:myOLED_int	32	static
../Core/Src/main.c:290:6:myOLED_int8	32	static
../Core/Src/main.c:299:6:update_display	16	static
../Core/Src/main.c:334:6:display_home_screen	16	static
../Core/Src/main.c:361:6:display_mode_selection	48	static
../Core/Src/main.c:384:6:display_parameter_setting	24	static
../Core/Src/main.c:443:6:update_encoder_state	16	static
../Core/Src/main.c:479:6:update_parameter_value	32	static
../Core/Src/main.c:540:6:handle_button_press	4	static
../Core/Src/main.c:581:6:Error_Handler	4	static,ignoring_inline_asm
