../Core/Src/main.c:120:1:__io_putchar	16	static
../Core/Src/main.c:131:5:main	8	static
../Core/Src/main.c:205:6:SystemClock_Config	72	static
../Core/Src/main.c:241:6:HAL_TIM_IC_CaptureCallback	16	static
../Core/Src/main.c:246:6:HAL_GPIO_EXTI_Callback	16	static
../Core/Src/main.c:270:6:myOLED_char	16	static
../Core/Src/main.c:276:6:myOLED_float	32	static
../Core/Src/main.c:284:6:myOLED_int	32	static
../Core/Src/main.c:292:6:myOLED_int8	32	static
../Core/Src/main.c:301:6:update_display	16	static
../Core/Src/main.c:337:6:display_home_screen	16	static
../Core/Src/main.c:364:6:display_mode_selection	48	static
../Core/Src/main.c:411:6:display_parameter_setting	40	static
../Core/Src/main.c:467:6:display_digit_setting	16	static
../Core/Src/main.c:473:6:update_encoder_state	16	static
../Core/Src/main.c:556:6:update_parameter_value	48	static
../Core/Src/main.c:598:6:handle_button_press	4	static
../Core/Src/main.c:639:6:Error_Handler	4	static,ignoring_inline_asm
