../Core/Src/main.c:141:1:__io_putchar	16	static
../Core/Src/main.c:152:5:main	8	static
../Core/Src/main.c:225:6:SystemClock_Config	72	static
../Core/Src/main.c:261:6:HAL_TIM_IC_CaptureCallback	16	static
../Core/Src/main.c:266:6:HAL_GPIO_EXTI_Callback	16	static
../Core/Src/main.c:290:6:myOLED_char	16	static
../Core/Src/main.c:296:6:myOLED_float	32	static
../Core/Src/main.c:304:6:myOLED_int	32	static
../Core/Src/main.c:312:6:myOLED_int8	32	static
../Core/Src/main.c:321:6:update_display	16	static
../Core/Src/main.c:356:6:display_home_screen	32	static
../Core/Src/main.c:411:6:display_mode_selection	48	static
../Core/Src/main.c:434:6:display_parameter_setting	24	static
../Core/Src/main.c:507:6:update_encoder_state	16	static
../Core/Src/main.c:544:6:update_parameter_value	32	static
../Core/Src/main.c:603:6:put_parameter_limit	8	static
../Core/Src/main.c:653:6:handle_button_press	4	static,ignoring_inline_asm
../Core/Src/main.c:701:6:Error_Handler	4	static,ignoring_inline_asm
