../Core/Src/main.c:159:1:__io_putchar	16	static
../Core/Src/main.c:170:5:main	8	static
../Core/Src/main.c:248:6:SystemClock_Config	72	static
../Core/Src/main.c:284:6:HAL_TIM_IC_CaptureCallback	16	static
../Core/Src/main.c:289:6:HAL_GPIO_EXTI_Callback	16	static
../Core/Src/main.c:313:6:myOLED_char	16	static
../Core/Src/main.c:319:6:myOLED_float	32	static
../Core/Src/main.c:327:6:myOLED_int	32	static
../Core/Src/main.c:335:6:myOLED_int8	32	static
../Core/Src/main.c:344:6:update_display	16	static
../Core/Src/main.c:379:6:display_home_screen	32	static
../Core/Src/main.c:444:6:display_mode_selection	48	static
../Core/Src/main.c:467:6:display_parameter_setting	24	static
../Core/Src/main.c:540:6:update_encoder_state	16	static
../Core/Src/main.c:577:6:update_parameter_value	32	static
../Core/Src/main.c:636:6:put_parameter_limit	8	static
../Core/Src/main.c:686:6:handle_button_press	4	static,ignoring_inline_asm
../Core/Src/main.c:736:6:Error_Handler	4	static,ignoring_inline_asm
