../Core/Src/main.c:81:5:main	8	static
../Core/Src/main.c:176:6:SystemClock_Config	72	static
../Core/Src/main.c:212:6:HAL_TIM_IC_CaptureCallback	16	static
../Core/Src/main.c:217:6:myOLED_char	16	static
../Core/Src/main.c:223:6:myOLED_float	32	static
../Core/Src/main.c:231:6:myOLED_int	32	static
../Core/Src/main.c:239:6:myOLED_int8	32	static
../Core/Src/main.c:247:6:Print_Mode	8	static
../Core/Src/main.c:256:6:Move_Cursor	8	static
../Core/Src/main.c:279:6:Error_Handler	4	static,ignoring_inline_asm
