../Core/Src/main.c:161:1:__io_putchar	16	static
../Core/Src/main.c:171:5:main	8	static
../Core/Src/main.c:238:6:SystemClock_Config	72	static
../Core/Src/main.c:271:6:HAL_TIM_IC_CaptureCallback	16	static
../Core/Src/main.c:276:6:HAL_GPIO_EXTI_Callback	16	static
../Core/Src/main.c:298:6:myOLED_char	16	static
../Core/Src/main.c:304:6:myOLED_char_big	16	static
../Core/Src/main.c:310:6:myOLED_float	32	static
../Core/Src/main.c:318:6:myOLED_float_big	32	static
../Core/Src/main.c:326:6:myOLED_int	32	static
../Core/Src/main.c:334:6:myOLED_int8	32	static
../Core/Src/main.c:343:6:update_display	16	static
../Core/Src/main.c:377:6:display_home_screen	40	static
../Core/Src/main.c:446:6:display_mode_selection	56	static
../Core/Src/main.c:469:6:display_parameter_setting	24	static
../Core/Src/main.c:551:6:update_encoder_state	8	static
../Core/Src/main.c:588:6:update_parameter_value	32	static
../Core/Src/main.c:647:6:put_parameter_limit	8	static
../Core/Src/main.c:695:6:handle_button_press	4	static
../Core/Src/main.c:754:6:Error_Handler	4	static,ignoring_inline_asm
