../Core/Src/main.c:131:1:__io_putchar	16	static
../Core/Src/main.c:142:5:main	8	static
../Core/Src/main.c:215:6:SystemClock_Config	72	static
../Core/Src/main.c:251:6:HAL_TIM_IC_CaptureCallback	16	static
../Core/Src/main.c:256:6:HAL_GPIO_EXTI_Callback	16	static
../Core/Src/main.c:280:6:myOLED_char	16	static
../Core/Src/main.c:286:6:myOLED_float	32	static
../Core/Src/main.c:294:6:myOLED_int	32	static
../Core/Src/main.c:302:6:myOLED_int8	32	static
../Core/Src/main.c:311:6:update_display	16	static
../Core/Src/main.c:346:6:display_home_screen	24	static
../Core/Src/main.c:399:6:display_mode_selection	48	static
../Core/Src/main.c:422:6:display_parameter_setting	24	static
../Core/Src/main.c:486:6:update_encoder_state	16	static
../Core/Src/main.c:522:6:update_parameter_value	32	static
../Core/Src/main.c:581:6:put_parameter_limit	8	static
../Core/Src/main.c:622:6:handle_button_press	4	static
../Core/Src/main.c:663:6:Error_Handler	4	static,ignoring_inline_asm
