../Core/Src/ssd1306.c:8:6:ssd1306_Reset	4	static
../Core/Src/ssd1306.c:19:6:ssd1306_WriteCommand	24	static
../Core/Src/ssd1306.c:29:6:ssd1306_WriteData	24	static
../Core/Src/ssd1306.c:40:6:HAL_I2C_MemTxCpltCallback	16	static
../Core/Src/ssd1306.c:91:17:ssd1306_FillBuffer	24	static
../Core/Src/ssd1306.c:101:6:ssd1306_Init	8	static
../Core/Src/ssd1306.c:203:6:ssd1306_Fill	24	static
../Core/Src/ssd1306.c:212:6:ssd1306_UpdateScreen	16	static
../Core/Src/ssd1306.c:233:6:ssd1306_DrawPixel	16	static
../Core/Src/ssd1306.c:253:6:ssd1306_WriteChar	48	static
../Core/Src/ssd1306.c:288:6:ssd1306_WriteString	24	static
../Core/Src/ssd1306.c:302:6:ssd1306_SetCursor	16	static
../Core/Src/ssd1306.c:308:6:ssd1306_Line	48	static
../Core/Src/ssd1306.c:335:6:ssd1306_Polyline	40	static
../Core/Src/ssd1306.c:349:14:ssd1306_DegToRad	16	static
../Core/Src/ssd1306.c:354:17:ssd1306_NormalizeTo0_360	24	static
../Core/Src/ssd1306.c:370:6:ssd1306_DrawArc	56	static
../Core/Src/ssd1306.c:410:6:ssd1306_DrawArcWithRadiusLine	64	static
../Core/Src/ssd1306.c:453:6:ssd1306_DrawCircle	40	static
../Core/Src/ssd1306.c:488:6:ssd1306_FillCircle	48	static
../Core/Src/ssd1306.c:524:6:ssd1306_DrawRectangle	32	static
../Core/Src/ssd1306.c:534:6:ssd1306_FillRectangle	32	static
../Core/Src/ssd1306.c:549:6:ssd1306_DrawBitmap	24	static
../Core/Src/ssd1306.c:573:6:ssd1306_SetContrast	24	static
../Core/Src/ssd1306.c:579:6:ssd1306_SetDisplayOn	24	static
../Core/Src/ssd1306.c:591:9:ssd1306_GetDisplayOn	4	static
